[    0.000000] Linux version 4.15.0-70-generic (buildd@lgw01-amd64-055) (gcc version 7.4.0 (Ubuntu 7.4.0-1ubuntu1~18.04.1)) #79-Ubuntu SMP Tue Nov 12 10:36:11 UTC 2019 (Ubuntu 4.15.0-70.79-generic 4.15.18)
[    0.000000] Command line: BOOT_IMAGE=/boot/vmlinuz-4.15.0-70-generic root=LABEL=cloudimg-rootfs ro console=tty1 console=ttyS0
[    0.000000] KERNEL supported cpus:
[    0.000000]   Intel GenuineIntel
[    0.000000]   AMD AuthenticAMD
[    0.000000]   Centaur CentaurHauls
[    0.000000] x86/fpu: Supporting XSAVE feature 0x001: 'x87 floating point registers'
[    0.000000] x86/fpu: Supporting XSAVE feature 0x002: 'SSE registers'
[    0.000000] x86/fpu: Supporting XSAVE feature 0x004: 'AVX registers'
[    0.000000] x86/fpu: xstate_offset[2]:  576, xstate_sizes[2]:  256
[    0.000000] x86/fpu: Enabled xstate features 0x7, context size is 832 bytes, using 'standard' format.
[    0.000000] e820: BIOS-provided physical RAM map:
[    0.000000] BIOS-e820: [mem 0x0000000000000000-0x000000000009fbff] usable
[    0.000000] BIOS-e820: [mem 0x000000000009fc00-0x000000000009ffff] reserved
[    0.000000] BIOS-e820: [mem 0x00000000000f0000-0x00000000000fffff] reserved
[    0.000000] BIOS-e820: [mem 0x0000000000100000-0x000000003ffeffff] usable
[    0.000000] BIOS-e820: [mem 0x000000003fff0000-0x000000003fffffff] ACPI data
[    0.000000] BIOS-e820: [mem 0x00000000fec00000-0x00000000fec00fff] reserved
[    0.000000] BIOS-e820: [mem 0x00000000fee00000-0x00000000fee00fff] reserved
[    0.000000] BIOS-e820: [mem 0x00000000fffc0000-0x00000000ffffffff] reserved
[    0.000000] NX (Execute Disable) protection: active
[    0.000000] SMBIOS 2.5 present.
[    0.000000] DMI: innotek GmbH VirtualBox/VirtualBox, BIOS VirtualBox 12/01/2006
[    0.000000] Hypervisor detected: KVM
[    0.000000] e820: last_pfn = 0x3fff0 max_arch_pfn = 0x400000000
[    0.000000] MTRR: Disabled
[    0.000000] x86/PAT: MTRRs disabled, skipping PAT initialization too.
[    0.000000] CPU MTRRs all blank - virtualized system.
[    0.000000] x/PT: Configuration [0-7] WB  WT  UC- UC  WB  W  UC- UC  
[    0.000000] found SMP MP-table at [mem 0x0009fff0-0x0009ffff]
[    0.000000] Scanning 1 areas for low memory corruption
[    0.000000] RAMDISK: [mem 0x35a89000-0x36d3bfff]
[    0.000000] ACPI: Early table checksum verification disabled
[    0.000000] ACPI: RSDP 0x00000000000E0000 000024 (v02 VBOX  )
[    0.000000] ACPI: XSDT 0x000000003FFF0030 00003C (v01 VBOX   VBOXXSDT 00000001 ASL  00000061)
[    0.000000] ACPI: FACP 0x000000003FFF00F0 0000F4 (v04 VBOX   VBOXFACP 00000001 ASL  00000061)
[    0.000000] ACPI: DSDT 0x000000003FFF0470 0021FF (v02 VBOX   VBOXBIOS 00000002 INTL 20180105)
[    0.000000] ACPI: FACS 0x000000003FFF0200 000040
[    0.000000] ACPI: FACS 0x000000003FFF0200 000040
[    0.000000] ACPI: APIC 0x000000003FFF0240 00005C (v02 VBOX   VBOXAPIC 00000001 ASL  00000061)
[    0.000000] ACPI: SSDT 0x000000003FFF02A0 0001CC (v01 VBOX   VBOXCPUT 00000002 INTL 20180105)
[    0.000000] No NUMA configuration found
[    0.000000] Faking a node at [mem 0x0000000000000000-0x000000003ffeffff]
[    0.000000] NODE_DATA(0) allocated [mem 0x3ffc5000-0x3ffeffff]
[    0.000000] kvm-clock: cpu 0, msr 0:3ff44001, primary cpu clock
[    0.000000] kvm-clock: Using msrs 4b564d01 and 4b564d00
[    0.000000] kvm-clock: using sched offset of 3498707057 cycles
[    0.000000] clocksource: kvm-clock: mask: 0xffffffffffffffff max_cycles: 0x1cd42e4dffb, max_idle_ns: 881590591483 ns
[    0.000000] Zone ranges:
[    0.000000]   DMA      [mem 0x0000000000001000-0x0000000000ffffff]
[    0.000000]   DMA32    [mem 0x0000000001000000-0x000000003ffeffff]
[    0.000000]   Normal   empty
[    0.000000]   Device   empty
[    0.000000] Movable zone start for each node
[    0.000000] Early memory node ranges
[    0.000000]   node   0: [mem 0x0000000000001000-0x000000000009efff]
[    0.000000]   node   0: [mem 0x0000000000100000-0x000000003ffeffff]
[    0.000000] Reserved but unavailable: 98 pages
[    0.000000] Initmem setup node 0 [mem 0x0000000000001000-0x000000003ffeffff]
[  0000000] ACPI: PM-Timer IO Port: 0x4008
[    0.000000] IOPI[0]: apic_id 2, version 32, address 0xfec00000, GSI 0-23
[    0.000000] ACPI: INT_SRC_OVR (bus 0 bus_irq 0 global_irq 2 dfl dfl)
[    0.000000] ACPI: INT_SRC_OVR (bus 0 bus_irq 9 global_irq 9 low level)
[    0.000000] Using ACPI (MADT) for SMP configuration information
[    0.000000] smpboot: Allowing 2 CPUs, 0 hotplug CPUs
[    0.000000] PM: Registered nosave memory: [mem 0x00000000-0x00000fff]
[    0.000000] PM: Registered nosave memory: [mem 0x0009f000-0x0009ffff]
[    0.000000] PM: Registered nosave memory: [mem 0x000a0000-0x000effff]
[    0.000000] PM: Registered nosave memory: [mem 0x000f0000-0x000fffff]
[    0.000000] e820: [mem 0x40000000-0xfebfffff] available for PCI devices
[    0.000000] Booting paravirtualized kernel on KVM
[    0.000000] clocksource: refined-jiffies: mask: 0xffffffff max_cycles: 0xffffffff, max_idle_ns: 7645519600211568 ns
[    0.000000] random: get_random_bytes called from start_kernel+0x99/0x4fd with crng_init=0
[    0.000000] setup_percpu: NR_CPUS:8192 nr_cpumask_bits:2 nr_cpu_ids:2 nr_node_ids:1
[    0.000000] percpu: Embedded 45 pages/cpu s147456 r8192 d28672 u1048576
[    0.000000] PV qspinlock hash table entries: 256 (order: 0, 4096 bytes)
[    0.000000] Built 1 zonelists, mobility grouping on.  Total pages: 257913
[    0.000000] Policy zone: DMA32
[    0.000000] Kernel command line: BOOT_IMAGE=/boot/vmlinuz-4.15.0-70-generic root=LABEL=cloudimg-rootfs ro console=tty1 console=ttyS0
[    0.000000] Memory: 983440K/1048120K available (12300K kernel code, 2481K rwdata, 4264K rodata, 2432K init, 2388K bss, 64680K reserved, 0K cma-reserved)
[    0.000000] SLUB: HWalign=64, Order=0-3, MinObjects=0, CPUs=2, Nodes=1
[    0.000000] Kernel/User page tables isolation: enabled
[    0.000000] ftrace: allocating 39315 entries in 154 pages
[    0.004000] Hierarchical RCU implementation.
[    0.004000] 	RCU restricting CPUs from NR_CPUS=8192 to nr_cpu_ids=2.
[    0.004000] 	Tasks RCU enabled.
[    0.004000] RCU: Adjusting geometry for rcu_fanout_leaf=16, nr_cpu_ids=2
[    0.004000] NR_IRQS: 524544, nr_irqs: 440, preallocated irqs: 16
[    0.004000] Console: colour VGA+ 80x25
[    0.004000] console [tty1] enabled
[    0.004000] console [ttyS0] enabled
[    0.004000] ACPI: Core revision 20170831
[    0.004000] ACPI: 2 ACPI AML tables successfully acquired and loaded
[    0.004000] APIC: Switch to symmetric I/O mode setup
[    0.004000] x2apic enabled
[    0.004000] Switched APIC routing to physical x2apic.
[    0.004000] ..TIMER: vector=0x30 apic1=0 pin1=2 apic2=-1 pin2=-1
[    0.004004] tsc: Detected 1991.999 MHz processor
[    0.004559] Calibrating delay loop (skipped) preset value.. 3983.99 BogoMIPS (lpj=7967996)
[    0.004975] pid_max: default: 32768 minimum: 301
[    0.008027] Security Framework initialized
[    0.008514] Yama: becoming mindful.
[    0.008956] AppArmor: AppArmor initialized
[    0.009963] Dentry cache hash table entries: 131072 (order: 8, 1048576 bytes)
[    0.010881] Inode-cache hash table entries: 65536 (order: 7, 524288 bytes)
[    0.012008] Mount-cache hash table entries: 2048 (order: 2, 16384 bytes)
[    0.012775] Mountpoint-cache hash table entries: 2048 (order: 2, 16384 bytes)
[    0.016207] Last level iTLB entries: 4KB 64, 2MB 8, 4MB 8
[    0.016846] Last level dTLB entries: 4KB 64, 2MB 0, 4MB 0, 1GB 4
[    0.017582] Spectre V1 : Mitigation: usercopy/swapgs barriers and __user pointer sanitization
[    0.020003] Spectre V2 : Mitigation: Full generic retpoline
[    0.022926] Spectre V2 : Spectre v2 / SpectreRSB mitigation: Filling RSB on context switch
[    0.024003] Speculative Store Bypass: Vulnerable
[    0.024613] MDS: Mitigation: Clear CPU buffers
[    0.025294] Freeing SMP alternatives memory: 36K
[    0.137448] smpboot: CPU0: Intel(R) Core(TM) i7-8550U CPU @ 1.80GHz (family: 0x6, model: 0x8e, stepping: 0xa)
[    0.140072] Performance Events: unsupported p6 CPU model 142 no PMU driver, software events only.
[    0.144034] Hierarchical SRCU implementation.
[    0.145061] NMI watchdog: Perf event create on CPU 0 failed with -2
[    0.148005] NMI watchdog: Perf NMI watchdog permanently disabled
[    0.152047] smp: Bringing up secondary CPUs ...
[    0.156106] x86: Booting SMP configuration:
[    0.160002] .... node  #0, CPUs:      #1
[    0.004000] kvm-clock: cpu 1, msr 0:3ff44041, secondary cpu clock
[    0.163285] smp: Brought up 1 node, 2 CPUs
[    0.164003] smpboot: Max logical packages: 1
[    0.168004] smpboot: Total of 2 processors activated (7967.99 BogoMIPS)
[    0.172113] devtmpfs: initialized
[    0.172446] x86/mm: Memory block size: 128MB
[    0.176062] evm: security.selinux
[    0.176467] evm: security.SMACK64
[    0.176885] evm: security.SMACK64EXEC
[    0.180003] evm: security.SMACK64TRANSMUTE
[    0.184001] evm: security.SMACK64MMAP
[    0.184440] evm: security.apparmor
[    0.184856] evm: security.ima
[    0.188005] evm: security.capability
[    0.192161] clocksource: jiffies: mask: 0xffffffff max_cycles: 0xffffffff, max_idle_ns: 7645041785100000 ns
[    0.196016] futex hash table entries: 512 (order: 3, 32768 bytes)
[    0.204365] pinctrl core: initialized pinctrl subsystem
[    0.208093] RTC time: 20:34:52, date: 12/03/19
[    0.216016] NET: Registered protocol family 16
[    0.219911] audit: initializing netlink subsys (disabled)
[    0.220037] audit: type=2000 audit(1575405296.185:1): state=initialized audit_enabled=0 res=1
[    0.221041] cpuidle: using governor ladder
[    0.221041] cpuidle: using governor menu
[    0.221076] ACPI: bus type PCI registered
[    0.221582] acpiphp: ACPI Hot Plug PCI Controller Driver version: 0.5
[    0.224072] PCI: Using configuration type 1 for base access
[    0.228755] HugeTLB registered 2.00 MiB page size, pre-allocated 0 pages
[    0.232065] ACPI: Added _OSI(Module Device)
[    0.232574] ACPI: Added _OSI(Processor Device)
[    0.233111] ACPI: Added _OSI(3.0 _SCP Extensions)
[    0.233728] ACPI: Added _OSI(Processor Aggregator Device)
[    0.234387] ACPI: Added _OSI(Linux-Dell-Video)
[    0.234938] ACPI: Added _OSI(Linux-Lenovo-NV-HDMI-Audio)
[    0.235600] ACPI: Added _OSI(Linux-HPI-Hybrid-Graphics)
[    0.236217] ACPI: Executed 1 blocks of module-level executable AML code
[    0.240194] ACPI: Interpreter enabled
[    0.240747] ACPI: (supports S0 S5)
[    0.241257] ACPI: Using IOAPIC for interrupt routing
[    0.242098] PCI: Using host bridge windows from ACPI; if necessary, use "pci=nocrs" and report a bug
[    0.243399] ACPI: Enabled 2 GPEs in block 00 to 07
[    0.248669] ACPI: PCI Root Bridge [PCI0] (domain 0000 [bus 00-ff])
[    0.249519] acpi PNP0A03:00: _OSC: OS supports [ASPM ClockPM Segments MSI]
[    0.250450] acpi PNP0A03:00: _OSC: not requesting OS control; OS requires [ExtendedConfig ASPM ClockPM MSI]
[    0.251708] acpi PNP0A03:00: fail to add MMCONFIG information, can't access extended PCI configuration space under this bridge.
[    0.252261] PCI host bridge to bus 0000:00
[    0.252837] pci_bus 0000:00: root bus resource [io  0x0000-0x0cf7 window]
[    0.253703] pci_bus 0000:00: root bus resource [io  0x0d00-0xffff window]
[    0.256004] pci_bus 0000:00: root bus resource [mem 0x000a0000-0x000bffff window]
[    0.260004] pci_bus 0000:00: root bus resource [mem 0x40000000-0xfdffffff window]
[    0.264005] pci_bus 0000:00: root bus resource [bus 00-ff]
[    0.269259] pci 0000:00:01.1: legacy IDE quirk: reg 0x10: [io  0x01f0-0x01f7]
[    0.270413] pci 0000:00:01.1: legacy IDE quirk: reg 0x14: [io  0x03f6]
[    0.271471] pci 0000:00:01.1: legacy IDE quirk: reg 0x18: [io  0x0170-0x0177]
[    0.272003] pci 0000:00:01.1: legacy IDE quirk: reg 0x1c: [io  0x0376]
[    0.285002] pci 0000:00:07.0: quirk: [io  0x4000-0x403f] claimed by PIIX4 ACPI
[    0.287418] pci 0000:00:07.0: quirk: [io  0x4100-0x410f] claimed by PIIX4 SMB
[    0.295839] ACPI: PCI Interrupt Link [LNKA] (IRQs 5 9 10 *11)
[    0.296253] ACPI: PCI Interrupt Link [LNKB] (IRQs 5 9 *10 11)
[    0.300113] ACPI: PCI Interrupt Link [LNKC] (IRQs 5 *9 10 11)
[    0.304128] ACPI: PCI Interrupt Link [LNKD] (IRQs 5 9 10 *11)
[    0.305435] SCSI subsystem initialized
[    0.308055] pci 0000:00:02.0: vgaarb: setting as boot VGA device
[    0.309029] pci 0000:00:02.0: vgaarb: VGA device added: decodes=io+mem,owns=io+mem,locks=none
[    0.312009] pci 0000:00:02.0: vgaarb: bridge control possible
[    0.312680] vgaarb: loaded
[    0.316045] ACPI: bus type USB registered
[    0.320074] usbcore: registered new interface driver usbfs
[    0.324022] usbcore: registered new interface driver hub
[    0.328021] usbcore: registered new device driver usb
[    0.336028] EDAC MC: Ver: 3.0.0
[    0.336548] PCI: Using ACPI for IRQ routing
[    0.340075] NetLabel: Initializing
[    0.340527] NetLabel:  domain hash size = 128
[    0.344001] NetLabel:  protocols = UNLABELED CIPSOv4 CALIPSO
[    0.344625] NetLabel:  unlabeled traffic allowed by default
[    0.352006] clocksource: Switched to clocksource kvm-clock
[    0.364190] VFS: Disk quotas dquot_6.6.0
[   0243]FSDquo-cache hash table entries: 512 (order 0, 4096 bytes)
[    0.630267] AppArmor: AppArmor Filesystem Enabled
[    0.631217] pnp: PnP ACPI init
[    0.632712] pnp: PnP ACPI: found 3 devices

[    0.641884] clocksource: acpi_pm: mask: 0xffffff max_cycles: 0xffffff, max_idle_ns: 2085701024 ns
[    0.643144] NET: Registered protocol family 2
[    0.643828] TCP established hash table entries: 8192 (order: 4, 65536 bytes)
[    0.645024] TCP bind hash table entries: 8192 (order: 5, 131072 bytes)
[    0.645782] TCP: Hash tables configured (established 8192 bind 8192)
[    0.646528] UDP hash table entries: 512 (order: 2, 16384 bytes)
[    0.647279] UDP-Lite hash table entries: 512 (order: 2, 16384 bytes)
[  0.79] ET: Registered ptol mi 1[  1061060] pci 0000:00:00.0: Limitingirt I/I aner
[  1747] pci 0000:00:01.0: Activating ISA DMA hang workarounds
[    1.695754] pci 0000:00:02.0: Video device with shadowed ROM at [mem 0x000c0000-0x000dffff]
[    1.696839] Unpacking initramfs...

[    1.934098] Freeing initrd memory: 19148K
[    2.073397] clocksource: tsc: mask: 0xffffffffffffffff max_cycles: 0x396d4ffc055, max_idle_ns: 881590662783 ns
[    2.280714] platform rtc_cmos: registered platform RTC device (no PNP device found)
[    2.288853] Scanning for low memory corruption every 60 seconds
[    2.334001] Initialise system trusted keyrings
[    2.344736] Key type blacklist registered
[    2.382715] workingset: timestamp_bits=36 max_order=18 bucket_order=0
[    2.459900] zbud: loaded
[    2.460613] squashfs: version 4.0 (2009/01/31) Phillip Lougher
[    2.461416] fuse init (API version 7.26)
[    2.466193] Key type asymmetric registered
[    2.482659] Asymmetric key parser 'x509' registered
[    2.621130] Block layer SCSI generic (bsg) driver version 0.4 loaded (major 246)
[    2.723794] io scheduler noop registered
[    2.724281] io scheduler deadline registered
[    2.724795] io scheduler cfq registered (default)
[    2.728794] ACPI: AC Adapter [AC] (on-line)
[    2.732537] input: Power Button as /devices/LNXSYSTM:00/LNXPWRBN:00/input/input0
[    2.733472] ACPI: Power Button [PWRF]
[    2.733937] input: Sleep Button as /devices/LNXSYSTM:00/LNXSLPBN:00/input/input1
[    2.734837] ACPI: Sleep Button [SLPF]
[    2.735982] ACPI: Battery Slot [BAT0] (battery present)
[    2.753587] Serial: 8250/16550 driver, 32 ports, IRQ sharing enabled
[    2.777662] 00:02: ttyS0 at I/O 0x3f8 (irq = 4, base_baud = 115200) is a 16550A
[    2.781178] Linux agpgart interface v0.103
[    2.784886] loop: module loaded
[    2.785693] scsi host0: ata_piix
[    2.786281] scsi host1: ata_piix
[    2.786721] ata1: PATA max UDMA/33 cmd 0x1f0 ctl 0x3f6 bmdma 0xd000 irq 14
[    2.787764] ata2: PATA max UDMA/33 cmd 0x170 ctl 0x376 bmdma 0xd008 irq 15
[    2.789056] libphy: Fixed MDIO Bus: probed
[    2.789914] tun: Universal TUN/TAP device driver, 1.6
[    2.791034] PPP generic driver version 2.4.2
[    2.792043] ehci_hcd: USB 2.0 'Enhanced' Host Controller (EHCI) Driver
[    2.793295] ehci-pci: EHCI PCI platform driver
[    2.794137] ehci-platform: EHCI generic platform driver
[    2.800188] ohci_hcd: USB 1.1 'Open' Host Controller (OHCI) Driver
[    2.801030] ohci-pci: OHCI PCI platform driver
[    2.801676] ohci-platform: OHCI generic platform driver
[    2.813552] uhci_hcd: USB Universal Host Controller Interface driver
[    2.814468] i8042: PNP: PS/2 Controller [PNP0303:PS2K,PNP0f03:PS2M] at 0x60,0x64 irq 1,12
[    2.816042] serio: i8042 KBD port at 0x60,0x64 irq 1
[    2.816786] serio: i8042 AUX port at 0x60,0x64 irq 12
[    2.817627] mousedev: PS/2 mouse device common for all mice
[    2.818870] input: AT Translated Set 2 keyboard as /devices/platform/i8042/serio0/input/input2
[    2.821492] rtc_cmos rtc_cmos: rtc core: registered rtc_cmos as rtc0
[    2.822338] rtc_cmos rtc_cmos: alarms up to one day, 114 bytes nvram
[    2.823163] i2c /dev entries driver
[    2.828944] device-mapper: uevent: version 1.0.3
[    2.832953] device-mapper: ioctl: 4.37.0-ioctl (2017-09-20) initialised: dm-devel@redhat.com
[    2.841055] ledtrig-cpu: registered to indicate activity on CPUs
[    2.842114] NET: Registered protocol family 10
[    2.863508] Segment Routing with IPv6
[    2.864056] NET: Registered protocol family 17
[    2.880502] Key type dns_resolver registered
[    2.881145] mce: Using 0 MCE banks
[    2.884582] RAS: Correctable Errors collector initialized.
[    2.885270] sched_clock: Marking stable (2884568321, 0)->(5577061243, -2692492922)
[    2.886449] registered taskstats version 1
[    2.887029] Loading compiled-in X.509 certificates
[    2.889097] Loaded X.509 cert 'Build time autogenerated kernel key: 1859b0531897959199376c446a0bd70df75fd1fc'
[    2.890209] zswap: loaded using pool lzo/zbud
[    2.893309] Key type big_key registered
[    2.893762] Key type trusted registered
[    2.895549] Key type encrypted registered
[    2.896055] AppArmor: AppArmor sha1 policy hashing enabled
[    2.896702] ima: No TPM chip found, activating TPM-bypass! (rc=-19)
[    2.923305] ima: Allocated hash algorithm: sha1
[    3.016143] evm: HMAC attrs: 0x1
[    3.108248]   Magic number: 15:413:598
[    3.167064] rtc_cmos rtc_cmos: setting system clock to 2019-12-03 20:34:56 UTC (1575405296)
[    3.401720] BIOS EDD facility v0.16 2004-Jun-25, 0 devices found
[    3.576288] EDD information not available.
[    3.605576] Freeing unused kernel image memory: 2432K
[    3.620276] Write protecting the kernel read-only data: 20480k
[    4.334704] Freeing unused kernel image memory: 2008K
[    5.085531] Freeing unused kernel image memory: 1880K
[    5.188836] x86/mm: Checked W+X mappings: passed, no W+X pages found.
[    5.323642] x86/mm: Checking user space page tables
[    5.329617] x86/mm: Checked W+X mappings: passed, no W+X pages found.
Loading, please wait...
starting version 237
[    5.954697] e1000: Intel(R) PRO/1000 Network Driver - version 7.3.21-k8-NAPI
[    5.956860] e1000: Copyright (c) 1999-2006 Intel Corporation.
[    5.959753] Fusion MPT base driver 3.04.20
[    5.960293] Copyright (c) 1999-2008 LSI Corporation
[    5.980355] Fusion MPT SPI Host driver 3.04.20
[    5.986371] AVX2 version of gcm_enc/dec engaged.
[    5.987072] AES CTR mode by8 optimization enabled
[    6.169011] input: ImExPS/2 Generic Explorer Mouse as /devices/platform/i8042/serio1/input/input4
[    6.337530] e1000 0000:00:03.0 eth0: (PCI:33MHz:32-bit) 02:12:8f:b5:56:32
[    6.833574] e1000 0000:00:03.0 eth0: Intel(R) PRO/1000 Network Connection
[    7.183730] e1000 0000:00:08.0 eth1: (PCI:33MHz:32-bit) 08:00:27:5e:36:36
[    7.203736] e1000 0000:00:08.0 eth1: Intel(R) PRO/1000 Network Connection
[    7.205475] e1000 0000:00:08.0 enp0s8: renamed from eth1
[    7.206295] mptbase: ioc0: Initiating bringup
[    7.573791] e1000 0000:00:03.0 enp0s3: renamed from eth0
[    7.876414] ioc0: LSI53C1030 A0: Capabilities={Initiator}
[    8.819021] scsi host2: ioc0: LSI53C1030 A0, FwRev=00000000h, Ports=1, MaxQ=256, IRQ=20
[    9.149148] scsi 2:0:0:0: Direct-Access     VBOX     HARDDISK         1.0  PQ: 0 ANSI: 5
[    9.296031] scsi target2:0:0: Beginning Domain Validation
[    9.298137] scsi target2:0:0: Domain Validation skipping write tests
[    9.323401] scsi target2:0:0: Ending Domain Validation
[    9.333774] scsi target2:0:0: asynchronous
[    9.334982] scsi 2:0:1:0: Direct-Access     VBOX     HARDDISK         1.0  PQ: 0 ANSI: 5
[    9.372039] scsi target2:0:1: Beginning Domain Validation
[    9.373682] random: fast init done
[    9.374299] scsi target2:0:1: Domain Validation skipping write tests
[    9.393276] scsi target2:0:1: Ending Domain Validation
[    9.393978] scsi target2:0:1: asynchronous
[    9.397533] random: systemd-udevd: uninitialized urandom read (16 bytes read)
[    9.398653] random: systemd-udevd: uninitialized urandom read (16 bytes read)
[    9.399691] random: systemd-udevd: uninitialized urandom read (16 bytes read)
[    9.401053] sd 2:0:0:0: Attached scsi generic sg0 type 0
[    9.401938] sd 2:0:0:0: [sda] 20971520 512-byte logical blocks: (10.7 GB/10.0 GiB)
[    9.413839] sd 2:0:1:0: Attached scsi generic sg1 type 0
[    9.414799] sd 2:0:0:0: [sda] Write Protect is off
[    9.415521] sd 2:0:1:0: [sdb] 20480 512-byte logical blocks: (10.5 MB/10.0 MiB)
[    9.416727] sd 2:0:1:0: [sdb] Write Protect is off
[    9.417611] sd 2:0:0:0: [sda] Incomplete mode parameter data
[    9.418497] sd 2:0:0:0: [sda] Assuming drive cache: write through
[    9.419909] sd 2:0:1:0: [sdb] Incomplete mode parameter data
[    9.420735] sd 2:0:1:0: [sdb] Assuming drive cache: write through
[    9.423563]  sda: sda1
[    9.544671] sd 2:0:1:0: [sdb] Attached SCSI disk
[    9.550323] sd 2:0:0:0: [sda] Attached SCSI disk
Begin: Loading essential drivers[   11.380776] raid6: sse2x1   gen() 12940 MB/s
 ... [   11.623082] raid6: sse2x1   xor()  8284 MB/s
[   11.903129] raid6: sse2x2   gen() 16046 MB/s
[   12.277190] raid6: sse2x2   xor() 10288 MB/s
[   12.662170] raid6: sse2x4   gen() 16495 MB/s
[   12.713092] raid6: sse2x4   xor() 10571 MB/s
[   13.116161] raid6: avx2x1   gen() 22537 MB/s
[   13.504539] raid6: avx2x1   xor() 15235 MB/s
[   13.753033] raid6: avx2x2   gen() 27693 MB/s
[   13.802575] raid6: avx2x2   xor() 16212 MB/s
[   13.853099] raid6: avx2x4   gen() 33750 MB/s
[   13.902792] raid6: avx2x4   xor() 20495 MB/s
[   13.903589] raid6: using algorithm avx2x4 gen() 33750 MB/s
[   13.904515] raid6: .... xor() 20495 MB/s, rmw enabled
[   13.905335] raid6: using avx2x2 recovery algorithm
[   13.907286] xor: automatically using best checksumming function   avx       
[   13.909147] async_tx: api initialized (async)
done.
Begin: Running /scripts/init-premount ... done.
Begin: Mounting root file system ... Begin: Running /scripts/local-top ... done.
Begin: Running /scripts/local-premount ... [   13.945183] Btrfs loaded, crc32c=crc32c-intel
Scanning for Btrfs filesystems
done.
Warning: fsck not present, so skipping root file system
[   13.969723] EXT4-fs (sda1): mounted filesystem with ordered data mode. Opts: (null)
done.
Begin: Running /scripts/local-bottom ... done.
Begin: Running /scripts/init-bottom ... done.
[   14.193748] ip_tables: (C) 2000-2006 Netfilter Core Team
[   14.805492] systemd[1]: systemd 237 running in system mode. (+PAM +AUDIT +SELINUX +IMA +APPARMOR +SMACK +SYSVINIT +UTMP +LIBCRYPTSETUP +GCRYPT +GNUTLS +ACL +XZ +LZ4 +SECCOMP +BLKID +ELFUTILS +KMOD -IDN2 +IDN -PCRE2 default-hierarchy=hybrid)
[   14.808449] systemd[1]: Detected virtualization oracle.
[   14.809228] systemd[1]: Detected architecture x86-64.

Welcome to [1mUbuntu 18.04.3 LTS[0m!

[   14.814146] systemd[1]: Set hostname to <ubuntu>.
[   14.816063] systemd[1]: Initializing machine ID from random generator.
[   14.816855] systemd[1]: Installed transient /etc/machine-id file.
[   15.022968] systemd[1]: Reached target System Time Synchronized.
[[0;32m  OK  [0m] Reached target System Time Synchronized.
[   15.365485] systemd[1]: Started Forward Password Requests to Wall Directory Watch.
[[0;32m  OK  [0m] Started Forward Password Requests to Wall Directory Watch.
[   15.367224] systemd[1]: Reached target Swap.
[[0;32m  OK  [0m] Reached target Swap.
[   15.369479] systemd[1]: Created slice System Slice.
[[0;32m  OK  [0m] Created slice System Slice.
[[0;32m  OK  [0m] Listening on udev Kernel Socket.
[[0;32m  OK  [0m] Listening on LVM2 poll daemon socket.
[[0;32m  OK  [0m] Listening on LVM2 metadata daemon socket.
[[0;32m  OK  [0m] Listening on Journal Socket.
         Starting Set the console keyboard layout...
         Starting Remount Root and Kernel File Systems...
         Starting Load Kernel Modules...
         Starting Uncomplicated firewall...
         Mounting Kernel Debug File System...
[[0;32m  OK  [0m] Listening on Dev[   15.496560] EXT4-fs (sda1): re-mounted. Opts: (null)
ice-mapper event daemon FIFOs.
         Mounting Huge Pages File System...
[[0;32m  OK  [0m] Reached target User and Group Name Lookups.
[[0;32m  OK  [0m] Set up automount Arbitrary Executabâ€¦rmats File System Automount Point.
         Mounting POSIX Message Queue File System...
[[0;32m  OK  [0m] Listening on /dev/initctl Compatibility Named Pipe.
[[0;32m  OK  [0m] [   15.524896] Loading iSCSI transport class v2.0-870.
Listening on Journal Audit Socket.
[[0;32m  OK  [0m] Created slice system-serial\x2dgetty.slice.
[[0;32m  OK  [0m] Listening on udev Control Socket.
         Starting udev Coldplug all Devices...
[[0;32m  OK  [0m] [   15.531781] iscsi: registered transport (tcp)
Listening on Syslog Socket.
[[0;32m  OK  [0m] Listening on Journal Socket (/dev/log).
         Starting Journal Service...
[[0;32m  OK  [0m] Listening on Network Service Netlink Socket.
         Starting Create list of required stâ€¦ce nodes for the current kernel...
[[0;32m  OK  [0m] Created slice User and Session Slice.
[[0;32m  OK  [0m] Reached target Slices.
         Starting Monitor[   15.575531] iscsi: registered transport (iser)
ing of LVM2 mirrorsâ€¦ng dmeventd or progress polling...
[[0;32m  OK  [0m] Started Remount Root and Kernel File Systems.
[[0;32m  OK  [0m] Started Load Kernel Modules.
[[0;32m  OK  [0m] Started Uncomplicated firewall.
[[0;32m  OK  [0m] Mounted Kernel Debug File System.
[[0;32m  OK  [0m] Mounted Huge Pages File System.
[[0;32m  OK  [0m] Mounted POSIX Message Queue File System.
[[0;32m  OK  [0m] Started Create list of required staâ€¦vice nodes for the current kernel.
         Starting Create Static Device Nodes in /dev...
         Mounting Kernel Configuration File System...
         Mounting FUSE Control File System...
         Starting Apply Kernel Variables...
         Starting Load/Save Random Seed...
[[0;32m  OK  [0m] Started Create Static Device Nodes in /dev.
[[0;32m  OK  [0m] Mounted Kernel Configuration File System.
[[0;32m  OK  [0m] Mounted FUSE Control File System.
         Starting udev Kernel Device Manager...
[[0;32m  OK  [0m] Started Journal Service.
         Starting Flush Journal to Persistent Storage...
[[0;32m  OK  [0m] Started LVM2 metadata daemon.
[[0;32m  OK  [0m] Started udev Coldplug all Devices.
[[0;32m  OK  [0m] Started Set the console keyboard layout.
[[0;32m  OK  [0m] Started Load/Save Random Seed.
[[0;32m  OK  [0m] Started udev Kernel Device Manager.
[[0;32m  OK  [0m] Started Dispatch Password Requests to Console Directory Watch.
[[0;32m  OK  [0m] Reached target Local Encrypted Volumes.
[[0;32m  OK  [0m] Started Monitoring of LVM2 mirrors,â€¦sing dmeventd or progress polling.
[[0;32m  OK  [0m] Started Apply Kernel Variables.
[[0;32m  OK  [0m] Reached target Local File Systems (Pre).
[[0;32m  OK  [0m] Reached target Local File Systems.
         Starting Set console font and keymap...
         Starting ebtables ruleset management...
         Starting Tell Plymouth To Write Out Runtime Data...
         Starting Commit a transient machine-id on disk...
         Starting AppArmor initialization...
[[0;32m  OK  [0m] Started Flush Journal to Persistent Storage.
[[0;32m  OK  [0m] Started Set console font and keymap.
         Starting Create Volatile Files and Directories...
[[0;32m  OK  [0m] Started Tell Plymouth To Write Out Runtime Data.
[[0;32m  OK  [0m] Started Create Volatile Files and Directories.
         Starting Update UTMP about System Boot/Shutdown...
[[0;32m  OK  [0m] Started Update UTMP about System Boot/Shutdown.
[[0;32m  OK  [0m] Started Commit a transient machine-id on disk.
[[0;32m  OK  [0m] Started ebtables ruleset management.
[[0;32m  OK  [0m] Found device /dev/ttyS0.
[[0;32m  OK  [0m] Listening on Load/Save RF Kill Switch Status /dev/rfkill Watch.
[[0;32m  OK  [0m] Started AppArmor initialization.
         Starting Initial cloud-init job (pre-networking)...
[   17.897340] cloud-init[539]: Cloud-init v. 19.2-36-g059d049c-0ubuntu2~18.04.1 running 'init-local' at Tue, 03 Dec 2019 20:35:10 +0000. Up 17.58 seconds.
[[0;32m  OK  [0m] Started Initial cloud-init job (pre-networking).
[[0;32m  OK  [0m] Reached target Network (Pre).
         Starting Network Service...
[[0;32m  OK  [0m] Started Network Service.
         Starting Network Name Resolution...
         Starting Wait for Network to be Configured...
[[0;32m  OK  [0m] Started Network Name Resolution.
[[0;32m  OK  [0m] Reached target Host and Network Name Lookups.
[[0;32m  OK  [0m] Reached target Network.
[[0;32m  OK  [0m] Started Wait for Network to be Configured.
         Starting Initial cloud-init job (metadata service crawler)...
[   19.960890] cloud-init[656]: Cloud-init v. 19.2-36-g059d049c-0ubuntu2~18.04.1 running 'init' at Tue, 03 Dec 2019 20:35:13 +0000. Up 19.85 seconds.
[   20.064971] cloud-init[656]: ci-info: ++++++++++++++++++++++++++++++++++++++Net device info+++++++++++++++++++++++++++++++++++++++
[   20.075416] cloud-init[656]: ci-info: +--------+-------+----------------------------+---------------+--------+-------------------+
[   20.131257] cloud-init[656]: ci-info: | Device |   Up  |          Address           |      Mask     | Scope  |     Hw-Address    |
[   20.154582] cloud-init[656]: ci-info: +--------+-------+----------------------------+---------------+--------+-------------------+
[   20.159707] cloud-init[656]: ci-info: | enp0s3 |  True |         10.0.2.15          | 255.255.255.0 | global | 02:12:8f:b5:56:32 |
[   20.164884] cloud-init[656]: ci-info: | enp0s3 |  True | fe80::12:8fff:feb5:5632/64 |       .       |  link  | 02:12:8f:b5:56:32 |
[   20.169862] cloud-init[656]: ci-info: | enp0s8 | False |             .              |       .       |   .    | 08:00:27:5e:36:36 |
[   20.183740] cloud-init[656]: ci-info: |   lo   |  True |         127.0.0.1          |   255.0.0.0   |  host  |         .         |
[   20.185937] cloud-init[656]: ci-info: |   lo   |  True |          ::1/128           |       .       |  host  |         .         |
[   20.188070] cloud-init[656]: ci-info: +--------+-------+----------------------------+---------------+--------+-------------------+
[   20.190003] cloud-init[656]: ci-info: ++++++++++++++++++++++++++++Route IPv4 info+++++++++++++++++++++++++++++
[   20.226916] cloud-init[656]: ci-info: +-------+-------------+----------+-----------------+-----------+-------+
[   20.228415] cloud-init[656]: ci-info: | Route | Destination | Gateway  |     Genmask     | Interface | Flags |
[   20.248963] cloud-init[656]: ci-info: +-------+-------------+----------+-----------------+-----------+-------+
[   20.326502] cloud-init[656]: ci-info: |   0   |   0.0.0.0   | 10.0.2.2 |     0.0.0.0     |   enp0s3  |   UG  |
[   20.331121] cloud-init[656]: ci-info: |   1   |   10.0.2.0  | 0.0.0.0  |  255.255.255.0  |   enp0s3  |   U   |
[   20.352667] cloud-init[656]: ci-info: |   2   |   10.0.2.2  | 0.0.0.0  | 255.255.255.255 |   enp0s3  |   UH  |
[   20.386506] cloud-init[656]: ci-info: +-------+-------------+----------+-----------------+-----------+-------+
[   20.390918] cloud-init[656]: ci-info: +++++++++++++++++++Route IPv6 info+++++++++++++++++++
[   20.436570] cloud-init[656]: ci-info: +-------+-------------+---------+-----------+-------+
[   20.439382] cloud-init[656]: ci-info: | Route | Destination | Gateway | Interface | Flags |
[   20.442130] cloud-init[656]: ci-info: +-------+-------------+---------+-----------+-------+
[   20.445599] cloud-init[656]: ci-info: |   1   |  fe80::/64  |    ::   |   enp0s3  |   U   |
[   20.448001] cloud-init[656]: ci-info: |   3   |    local    |    ::   |   enp0s3  |   U   |
[   20.451685] cloud-init[656]: ci-info: |   4   |   ff00::/8  |    ::   |   enp0s3  |   U   |
[   20.461349] cloud-init[656]: ci-info: +-------+-------------+---------+-----------+-------+
[   20.585359] cloud-init[656]: Generating public/private rsa key pair.
[[0;32m  OK  [0m] Started Initial cloud-init job (metadata service crawler).
[[0;32m  OK  [0m] Reached target Network is Online.
[   20.795311] cloud-init[656]: Your identification has been saved in /etc/ssh/ssh_host_rsa_key.
[[0;32m  OK  [0m] Reached target Remote File Systems (Pre).
[[0;32m  OK  [0m] Reached target Remote File Systems.
[   20.865714] cloud-init[656]: Your public key has been saved in /etc/ssh/ssh_host_rsa_key.pub.
         Starting Availability of block devices...
[[0;32m  OK  [0m] Reached target Cloud-config availability.
[[0;32m  OK  [0m] Reached target System Initialization.
[[0;32m  OK  [0m] Started Daily apt download activities.
[[0;32m  OK  [0m] Started Daily apt upgrade and clean activities.
[   20.937852] cloud-init[656]: The key fingerprint is:
         Starting LXD - unix socket.
[[0;32m  OK  [0m] Listening on ACPID Listen Socket.
[[0;32m  OK  [0m] Listening on Open-iSCSI iscsid Socket.
[[0;32m  OK  [0m] Started Discard unused blocks once a week.
[[0;32m  OK  [0m] Started Daily Cleanup of Temporary Directories.
[   21.039273] cloud-init[656]: SHA256:8cR/rCKy8ntHAqGFKG9K9KLvOO0UHT5U7goQBvJu8ds root@ubuntu-bionic
[[0;32m  OK  [0m] Started ACPI Events Check.
[[0;32m  OK  [0m] Reached target Paths.
[   21.056899] cloud-init[656]: The key's randomart image is:
[[0;32m  OK  [0m] Listening on D-Bus System Message Bus Socket.
[   21.118231] [[0;32m  OK  [0m] Listening on UUID daemon activation socket.
cloud-init         Starting Socket activation for snappy daemon.
[[0;32m  OK  [0m] Started Message of the Day.
[[0;32m  OK  [0m] Reached target Timers.
[[0;32m  OK  [0m] Started Availability of block devices.
[[0;32m  OK  [0m] Listening on LXD - unix socket.
[656]: [[0;32m  OK  [0m] Listening on Socket activation for snappy daemon.
[[0;32m  OK  [0m] Reached target Sockets.
[[0;32m  OK  [0m] Reached target Basic System.
+---[RSA 2048]----+
[   21.146577] cloud-init[656]: |=. . ..          |
[   21.148079]          Starting Login Service...
         Starting System Logging Service...
cloud-init[656]: |++. .oo  .       |
         Starting Snappy daemon...
[   21.192666] cloud-init[656]: |oo+ oo... o      |
[   21.217705] [[0;32m  OK  [0m] Started Deferred execution scheduler.
cloud-init[656]: | =oB.o.  + . .   |
         Starting Accounts Service...
[   21.220089] cloud-init[656]: |oo* = ..S . . o  |
[   21.220935] cloud-init[656]: |o. o =  . .  o   |
[   21.221737] cloud-init[656]: | o. o E .o. .    |
[   21.222582] cloud-init[656]: |.oo .  o....     |
[   21.223423] cloud-init[656]: |.+o  o+o .       |
[   21.225281] cloud-init[656]: +----[SHA256]-----+
[   21.238741] [[0;32m  OK  [0m] Started Regular background program processing daemon.
cloud-init[656]: Generating public/private dsa key pair.         Starting LSB: Record successful boot for GRUB...
         Starting Permit User Sessions...

[   21.242867] cloud-init[656]: Your identification has been saved in /etc/ssh/ssh_host_dsa_key.
[   21.244625] cloud-init[656]: Your public key has been saved in /etc/ssh/ssh_host_dsa_key.pub.
[   21.245929] cloud-init[656]: The key fingerprint is:
[   21.248794] cloud-init[656]: SHA256:aVAOCox/rp+lUXOsSFsEKb0/zS3TZXWFKA7l19wC+7g root@ubuntu-bionic
[   21.250141] cloud-init[656]: The key's randomart image is:
[   21.252233] cloud-init[656]: +---[DSA 1024]----+
[   21.253765] cloud-init[656]: | o..... ... .. .o|
[   21.254548] cloud-init[656]: |. o.oo +... .=o..|
[   21.256663] cloud-init[656]: | . ...o .o..o.+..|
[   21.257464] cloud-init[656]: |  . o. o ...oo . |
[   21.258257] cloud-init[656]: |   o..+oSo o. .  |
[   21.259071] cloud-init[656]: |   ..=o== o  .   |
[   21.259856] cloud-init[656]: |   .+ o. o  E    |
[   21.260663] cloud-init[656]: |  .  =           |
[   21.261437] cloud-init[656]: |   .+            |
[   21.262203] cloud-init[656]: +----[SHA256]-----+
[   21.263843] cloud-init[656]: Generating public/private ecdsa key pair.
[   21.264774] cloud-init[656]: Your identification has been saved in /etc/ssh/ssh_host_ecdsa_key.
[   21.266344] cloud-init[656]: Your public key has been saved in /etc/ssh/ssh_host_ecdsa_key.pub.
[   21.267442] cloud-init[656]: The key fingerprint is:
[   21.268273] cloud-init[656]: SHA256:TBWpq/I97kbT2b4wXeKPUrbzh1tK2A5/cvQEjCC+hI4 root@ubuntu-bionic
[   21.269364] cloud-init[656]: The key's randomart image is:
[   21.270144] cloud-init[656]: +---[ECDSA 256]---+
[   21.271710] cloud-init[656]: |          oo     |
[   21.272541] cloud-init[656]: |        ..o      |
[   21.273393] cloud-init[656]: |       o.o . o   |
         Starting Dispatcher daemon for systemd-networkd...
[[0;32m  OK  [0m] Started FUSE filesystem for LXC.
         Starting LSB: automatic crash report generation...
         Starting LXD - container startup/shutdown...
[[0;32m  OK  [0m] Started D-Bus System Message Bus.
[   21.282072] cloud-init[656]: |      .o+   . o  |
[   21.284986] cloud-init[656]: |     o .S+ o. .. |
[   21.286172] cloud-init[656]: |    E . = oo+=  o|
[   21.290189] cloud-init[656]: |       o .o+=.o+o|
[   21.292464] cloud-init[656]: |    . ..o .o+Boo=|
[   21.293269] cloud-init[656]: |     o.++. .o+B* |
[   21.294030] cloud-init[656]: +----[SHA256]-----+
[   21.295049] cloud-init[656]: Generating public/private ed25519 key pair.
[   21.370824] cloud-init[656]: Your identification has been saved in /etc/ssh/ssh_host_ed25519_key.
[[0;32m  OK  [0m] Started Login Service.
[[0;32m  OK  [0m] Started Unattended Upgrades Shutdown.
[   21.423027] cloud-init[656]: Your public key has been saved in /etc/ssh/ssh_host_ed25519_key.pub.
[   21.439903] cloud-init[656]: The key fingerprint is:
[[0;32m  OK  [0m] Started irqbalance daemon.
[   21.477155] cloud-init[656]: SHA256:ds7E4F4IDRAcavjCCTUaljQK7jyNhiYovGkuFU7WS3s root@ubuntu-bionic
[   21.480585]          Starting Virtualbox guest utils...
cloud-init[656]: The key's randomart image is:
[   21.483860] cloud-init[656]: +--[ED25519 256]--+
[   21.485184] cloud-init[656]: |+++.++.          |
[   21.493351] cloud-init[656]: |=*.o.  o         |
[   21.494610] cloud-init[656]: |=.o.  . o        |
[   21.495984] cloud-init[656]: |OoB o  o +       |
[   21.516316] cloud-init[656]: |*#.+ o  S =      |
         Starting Pollinate to seed the pseudo random number generator...
[[0;32m  OK  [0m] Started System Logging Service.
[[0;32m  OK  [0m] Started Permit User Sessions.
         Starting Authorization Manager...
         Starting Terminate Plymouth Boot Screen...
         Starting Hold until boot process finishes up...
[   21.569238] cloud-init[656]: |=.* o Eo *       |
[   21.571181] cloud-init[656]: | =   .  . o      |
[[0;32m  OK  [0m] Started Hold until boot process finishes up.
[   21.589047] cloud-init[656]: [[0;32m  OK  [0m] Started Terminate Plymouth Boot Screen.
[[0;32m  OK  [0m] Started Authorization Manager.
|+                |
[[0;32m  OK  [0m] Started Serial Getty on ttyS0.
         Starting Set console scheme...
[[0;32m  OK  [0m] Started Accounts Service.
[   21.645329] cloud-init[656]: |..               |
[   21.646838] cloud-init[656]: +----[SHA256]-----+
[[0;32m  OK  [0m] Started LSB: automatic crash report generation.
[[0;32m  OK  [0m] Started Set console scheme.
[[0;32m  OK  [0m] Created slice system-getty.slice.
[[0;32m  OK  [0m] Started Getty on tty1.
[[0;32m  OK  [0m] Reached target Login Prompts.
[[0;32m  OK  [0m] Started LSB: Record successful boot for GRUB.
[[0;32m  OK  [0m] Started LXD - container startup/shutdown.
[[0;32m  OK  [0m] Started Virtualbox guest utils.
[[0;32m  OK  [0m] Started Dispatcher daemon for systemd-networkd.
[[0;32m  OK  [0m] Started Snappy daemon.
         Starting Wait until snapd is fully seeded...
[[0;32m  OK  [0m] Started Pollinate to seed the pseudo random number generator.
         Starting OpenBSD Secure Shell server...
[[0;32m  OK  [0m] Started OpenBSD Secure Shell server.
[[0;32m  OK  [0m] Started Wait until snapd is fully seeded.
[[0;32m  OK  [0m] Reached target Multi-User System.
[[0;32m  OK  [0m] Reached target Graphical Interface.
         Starting Update UTMP about System Runlevel Changes...
         Starting Apply the settings specified in cloud-config...
[[0;32m  OK  [0m] Started Update UTMP about System Runlevel Changes.
[   24.157628] cloud-init[1189]: Cloud-init v. 19.2-36-g059d049c-0ubuntu2~18.04.1 running 'modules:config' at Tue, 03 Dec 2019 20:35:17 +0000. Up 23.84 seconds.
[[0;32m  OK  [0m] Started Apply the settings specified in cloud-config.
         Starting Execute cloud user/final scripts...
ci-info: no authorized ssh keys fingerprints found for user ubuntu.
<14>Dec  3 20:35:17 ec2: 
<14>Dec  3 20:35:17 ec2: #############################################################
<14>Dec  3 20:35:17 ec2: -----BEGIN SSH HOST KEY FINGERPRINTS-----
<14>Dec  3 20:35:17 ec2: 1024 SHA256:aVAOCox/rp+lUXOsSFsEKb0/zS3TZXWFKA7l19wC+7g root@ubuntu-bionic (DSA)
<14>Dec  3 20:35:17 ec2: 256 SHA256:TBWpq/I97kbT2b4wXeKPUrbzh1tK2A5/cvQEjCC+hI4 root@ubuntu-bionic (ECDSA)
<14>Dec  3 20:35:17 ec2: 256 SHA256:ds7E4F4IDRAcavjCCTUaljQK7jyNhiYovGkuFU7WS3s root@ubuntu-bionic (ED25519)
<14>Dec  3 20:35:17 ec2: 2048 SHA256:8cR/rCKy8ntHAqGFKG9K9KLvOO0UHT5U7goQBvJu8ds root@ubuntu-bionic (RSA)
<14>Dec  3 20:35:17 ec2: -----END SSH HOST KEY FINGERPRINTS-----
<14>Dec  3 20:35:17 ec2: #############################################################
-----BEGIN SSH HOST KEY KEYS-----
ecdsa-sha2-nistp256 AAAAE2VjZHNhLXNoYTItbmlzdHAyNTYAAAAIbmlzdHAyNTYAAABBBHmFzQQUt+mdd9VSk+yy/QmuCIsEYYx7066J8ec8idz65NGTPvUNLeOBm3JOQ2GryOPk4+rl10onj0rvKiJiBoE= root@ubuntu-bionic
ssh-ed25519 AAAAC3NzaC1lZDI1NTE5AAAAIEXnmPlqHAYqn8wVxZ9vbd0BNmz6qYkjTwiDT2ZtNrfU root@ubuntu-bionic
ssh-rsa AAAAB3NzaC1yc2EAAAADAQABAAABAQCyOtOKtggwLpiwVy5gJHuEIUBEJojaRuCehdiInuN0U+rLUxtPdAKlplO4ca0qQyZL4dv8oWYXS332ZPihGkaeatPwPlz1OlHbW6rhXsCOIa3G8g6b9zmPblE74Ekny5FueBENGdRqED3QrdvZBWcmWpHsd2rVGwa6zB/OrbJDFp0TMJS3KuwdZBO6jcit0Xss77oOl0o5LWaqpjbKb6SmmZbB4zrKixyM7ickvz2SioqYAvoU0bg4/qQQ1v1ekwuMXWTbq9hxgOZW5JRAzFSptiURsWqmTAcqKmyrPYVTiPTe1vpySsOOCcgkZ75GDTfneMz4X6hKRFO7Xzf/cG/n root@ubuntu-bionic
-----END SSH HOST KEY KEYS-----
[   24.674068] cloud-init[1242]: Cloud-init v. 19.2-36-g059d049c-0ubuntu2~18.04.1 running 'modules:final' at Tue, 03 Dec 2019 20:35:17 +0000. Up 24.48 seconds.
[   24.676205] cloud-init[1242]: ci-info: no authorized ssh keys fingerprints found for user ubuntu.
[   24.677576] cloud-init[1242]: Cloud-init v. 19.2-36-g059d049c-0ubuntu2~18.04.1 finished at Tue, 03 Dec 2019 20:35:17 +0000. Datasource DataSourceNoCloud [seed=/dev/sdb][dsmode=net].  Up 24.66 seconds
[[0;32m  OK  [0m] Started Execute cloud user/final scripts.
[[0;32m  OK  [0m] Reached target Cloud-init target.

Ubuntu 18.04.3 LTS ubuntu-bionic ttyS0

ubuntu-bionic login: 